// Jest Snapshot v1, https://goo.gl/fbAQLP

exports[`renders learn react link matches snapshot 1`] = `
<DocumentFragment>
  <table>
    <thead>
      <tr
        class="years"
      >
        <td />
      </tr>
    </thead>
    <tbody />
  </table>
</DocumentFragment>
`;
